[f23jy73ybfp0g5l7coxn4q-on.drv.tw/Mahashivratri.com/index.html]
[backblue.gif]
[fade.gif]
[index.html]
[1.bp.blogspot.com/-gkR6p7_AvYQ/YD5CSGWFyfI/AAAAAAAAAU0/V9uA0GBbqFQBYjIXkCcPo4VaeqGI1pBQACLcBGAsYHQ/s702/Maha-Shivaratri-SMS.jpg]
[cdnjs.cloudflare.com/ajax/libs/animate.css/3.5.2/animate.min.css]
[cdnjs.cloudflare.com/ajax/libs/font-awesome/4.7.0/css/font-awesome.min.css]
[maxcdn.bootstrapcdn.com/bootstrap/4.3.1/css/bootstrap.min.css]
[ajax.googleapis.com/ajax/libs/jquery/3.4.0/jquery.min.js]
[cdnjs.cloudflare.com/ajax/libs/popper.js/1.14.7/umd/popper.min.js]
[cdnjs.cloudflare.com/ajax/libs/font-awesome/4.7.0/css/font-awesome.css]
[maxcdn.bootstrapcdn.com/bootstrap/4.3.1/js/bootstrap.min.js]
[f23jy73ybfp0g5l7coxn4q-on.drv.tw/Mahashivratri.com/animation.8.delayed]
[richinfo.co/js/rp.js]
[1.bp.blogspot.com/-QO6OC_r4DVE/X0UcPsd7hzI/AAAAAAAABNM/4nbI4cqs6nktvaUr7PZK2_ttBtJypekGQCLcBGAsYHQ/s320/PicsArt_08-25-07.40.28.jpg]
[1.bp.blogspot.com/-vwcUr6CKHDE/YD5CVRF5AsI/AAAAAAAAAVI/VDrAxudTmYEHQjtNm9Te6ubofT9R-giCACLcBGAsYHQ/s480/giphy.gif]
[ajax.googleapis.com/ajax/libs/jquery/2.2.4/jquery.min.js]
[cdnjs.cloudflare.com/ajax/libs/modernizr/2.8.3/modernizr.js]
[1.bp.blogspot.com/-eLmIGBDq-GA/YD512XIunPI/AAAAAAAAAV0/wsOYScopk7MYjqNfVkSfbH4vAbGrL0WMQCLcBGAsYHQ/s797/imgonline-com-ua-twotoone-YuBpHIAeuHI.jpg]
[1.bp.blogspot.com/-94KhtF3gAT8/XzZH321suPI/AAAAAAAAB9s/hF2P3R6W4IIdJr21XBeoQgtXaUPF5EUFACLcBGAsYHQ/s264/tr.png]
[1.bp.blogspot.com/-5r7kyc96PK8/YD7CDjL7f7I/AAAAAAAAAWk/WeqoX4bU1Z4WlBjfQ4ZsJZWvjYFzWSFtwCLcBGAsYHQ/s529/cooltext378029837690607.gif]
[1.bp.blogspot.com/-dhvmItGxpAU/YD7AixGlwRI/AAAAAAAAAWc/IyM4fCxMscwMJ3nZoAMTmF7aowLNk0gNgCLcBGAsYHQ/s543/cooltext378029306310855.gif]
[1.bp.blogspot.com/-8L4DES1lw_A/YD5CYQfsomI/AAAAAAAAAVM/G0793pNfslw9DbxlL3x90Qb88Wupng3DACLcBGAsYHQ/s471/giphy2.gif]
[1.bp.blogspot.com/-DNO5WPffyws/YD5CSYQHlBI/AAAAAAAAAU4/s6SX1HIsLKs8Ttq7rZl1_gFtYzo440pFwCLcBGAsYHQ/s701/Maha-Shivaratri-Wishes-SMS-in-Hindi.jpg]
[1.bp.blogspot.com/-qpIa439a1Bo/YD5CT3D-aZI/AAAAAAAAAVA/pKHHbtOGZHM6lnyl2DffggmCV2xNEdF1gCLcBGAsYHQ/s299/images.jpg]
[1.bp.blogspot.com/-LkgeWtQSK1E/YD5CVFzbwUI/AAAAAAAAAVE/I-Ouauz7bxEz_l-hMbj_m-FhyTzoNF5HACLcBGAsYHQ/s1280/maxresdefault.jpg]
[1.bp.blogspot.com/-9d_4ymAojdo/YD5CZcgmkrI/AAAAAAAAAVU/SAKnWbiJLBs8wahGmWNeoCiB2saaq2y4QCLcBGAsYHQ/s400/unnamed23.gif]
[ajax.cloudflare.com/cdn-cgi/scripts/7089c43e/cloudflare-static/rocket-loader.min.js]
[pl15771196.cpmnetworkcontent.com/53/de/fc/53defce56db576ba9586ce957ddf7be1.js]
[drv.tw/inc/wd.js]
[f23jy73ybfp0g5l7coxn4q-on.drv.tw/Mahashivratri.com/index.html]
[cdnjs.cloudflare.com/ajax/libs/animate.css/3.5.2/animate.min.css]
[cdnjs.cloudflare.com/ajax/libs/font-awesome/4.7.0/css/font-awesome.min.css]
[maxcdn.bootstrapcdn.com/bootstrap/4.3.1/css/bootstrap.min.css]
[cdnjs.cloudflare.com/ajax/libs/font-awesome/4.7.0/css/font-awesome.css]
[f23jy73ybfp0g5l7coxn4q-on.drv.tw/Mahashivratri.com/animation.html]
[1.bp.blogspot.com/-IJGopGY_-fM/XxrBpn7CNFI/AAAAAAAAB38/3w1lLt4b-Z4k9gKoUnbNp464vommJ71BgCLcBGAsYHQ/s50/firsttechinfoar.blogspot.com.gif]
